../App/Src/display.c:69:6:ST7789_WriteCommand	16	static
../App/Src/display.c:75:6:ST7789_WriteData	16	static
../App/Src/display.c:81:6:ST7789_SetAddressWindow	24	static
../App/Src/display.c:98:6:ST7789_DrawPixel	16	static
../App/Src/display.c:104:6:ST7789_DrawChar	40	static
../App/Src/display.c:121:6:ST7789_DrawString	48	static
../App/Src/display.c:130:6:ST7789_Init	8	static
../App/Src/display.c:158:6:Display_Print	24	static
../App/Src/display.c:163:6:Display_ShowMenu	16	static
../App/Src/display.c:172:6:Display_ShowMessage	24	static
../App/Src/display.c:177:6:Display_ShowProgressBar	32	static
