../App/Src/display.c:64:6:ST7789_WriteCommand	16	static
../App/Src/display.c:69:6:ST7789_WriteData	16	static
../App/Src/display.c:74:6:ST7789_SetAddressWindow	24	static
../App/Src/display.c:90:6:ST7789_DrawPixel	16	static
../App/Src/display.c:96:6:ST7789_DrawChar	40	static
../App/Src/display.c:112:6:ST7789_DrawString	48	static
../App/Src/display.c:120:6:ST7789_Init	8	static
../App/Src/display.c:145:6:Display_Print	24	static
../App/Src/display.c:150:6:Display_ShowMenu	16	static
../App/Src/display.c:159:6:Display_ShowMessage	24	static
../App/Src/display.c:164:6:Display_ShowProgressBar	32	static
